2026-08-26 18:54:45,327 - INFO - --- Starting Python Script using Pymer4 (2026-08-26 18:54:45.327771) ---
2026-08-26 18:54:45,327 - INFO - R console output will be redirected to this log.
2026-08-26 18:54:45,713 - INFO - Successfully connected to database 'rugby' on :5432
2026-08-26 18:54:45,714 - INFO - Fetching data from database...
2026-08-26 18:54:45,718 - INFO - Fetched data shape: (802, 7)
2026-08-26 18:54:45,718 - INFO - Preprocessing data...
2026-08-26 18:54:45,718 - INFO - Converting column 'game_id' to string type before category conversion for R compatibility.
2026-08-26 18:54:45,719 - INFO - Converted column 'field' to category.
2026-08-26 18:54:45,719 - INFO - Converted column 'team' to category.
2026-08-26 18:54:45,719 - INFO - Converted column 'opponent' to category.
2026-08-26 18:54:45,720 - INFO - Converted column 'game_id' to category.
2026-08-26 18:54:45,720 - INFO - Checked 'gs' and 'w' columns: all values are finite.
2026-08-26 18:54:45,721 - INFO - Using 802 rows for model fitting after weight filtering.
2026-08-26 18:54:45,721 - INFO - Using factor name map for parameter levels: {'game_id': 'game_id', 'opponent': 'defense', 'team': 'offense', 'field': 'field'}
2026-08-26 18:54:45,721 - INFO - Extracting parameter levels...
2026-08-26 18:54:45,721 - INFO - Mapping internal column 'team' to parameter 'offense' for levels table.
2026-08-26 18:54:45,721 - INFO - Mapping internal column 'opponent' to parameter 'defense' for levels table.
2026-08-26 18:54:45,722 - INFO - Parameter levels DataFrame shape: (437, 3)
2026-08-26 18:54:45,740 - INFO - Parameter levels head:
   parameter    type     level
19   defense  random   Broncos
20   defense  random  Bulldogs
21   defense  random   Cowboys
22   defense  random  Dolphins
23   defense  random   Dragons
2026-08-26 18:54:45,740 - INFO - Writing parameter levels to database table nrl._parameter_levels...
2026-08-26 18:54:45,796 - INFO - Successfully wrote parameter levels.
2026-08-26 18:54:45,796 - INFO - Defining and fitting the GLMM using Pymer4...
2026-08-26 18:54:45,796 - INFO - Model formula: gs ~ field + (1|team) + (1|opponent) + (1|game_id)
2026-08-26 18:54:45,796 - INFO - Starting model fit (this may take time)...
2026-08-26 18:54:47,770 - WARNING - R[write to console]: In addition: 
2026-08-26 18:54:47,770 - WARNING - R[write to console]: Warning messages:

2026-08-26 18:54:47,770 - WARNING - R[write to console]: 1: 
2026-08-26 18:54:47,770 - WARNING - R[write to console]: In (function (package, help, pos = 2, lib.loc = NULL, character.only = FALSE,  :
2026-08-26 18:54:47,770 - WARNING - R[write to console]: 
 
2026-08-26 18:54:47,770 - WARNING - R[write to console]:  library ‘/usr/lib/R/site-library’ contains no packages

2026-08-26 18:54:47,770 - WARNING - R[write to console]: 2: 
2026-08-26 18:54:47,770 - WARNING - R[write to console]: In (function (package, help, pos = 2, lib.loc = NULL, character.only = FALSE,  :
2026-08-26 18:54:47,770 - WARNING - R[write to console]: 
 
2026-08-26 18:54:47,770 - WARNING - R[write to console]:  library ‘/usr/lib/R/site-library’ contains no packages

2026-08-26 18:54:47,770 - WARNING - R[write to console]: 3: 
2026-08-26 18:54:47,770 - WARNING - R[write to console]: In (function (package, help, pos = 2, lib.loc = NULL, character.only = FALSE,  :
2026-08-26 18:54:47,770 - WARNING - R[write to console]: 
 
2026-08-26 18:54:47,770 - WARNING - R[write to console]:  library ‘/usr/lib/R/site-library’ contains no packages

2026-08-26 18:54:47,770 - WARNING - R[write to console]: 4: 
2026-08-26 18:54:47,770 - WARNING - R[write to console]: In (function (package, help, pos = 2, lib.loc = NULL, character.only = FALSE,  :
2026-08-26 18:54:47,770 - WARNING - R[write to console]: 
 
2026-08-26 18:54:47,770 - WARNING - R[write to console]:  library ‘/usr/lib/R/site-library’ contains no packages

2026-08-26 18:54:47,770 - WARNING - R[write to console]: 5: 
2026-08-26 18:54:47,770 - WARNING - R[write to console]: In (function (package, help, pos = 2, lib.loc = NULL, character.only = FALSE,  :
2026-08-26 18:54:47,770 - WARNING - R[write to console]: 
 
2026-08-26 18:54:47,770 - WARNING - R[write to console]:  library ‘/usr/lib/R/site-library’ contains no packages

2026-08-26 18:54:48,147 - WARNING - R[write to console]: In addition: 
2026-08-26 18:54:48,147 - WARNING - R[write to console]: Warning message:

2026-08-26 18:54:48,147 - WARNING - R[write to console]: In Matrix.DeprecatedCoerce(cd1, cd2) :
2026-08-26 18:54:48,147 - WARNING - R[write to console]: 
 
2026-08-26 18:54:48,147 - WARNING - R[write to console]:  'as(<dsyMatrix>, "dpoMatrix")' is deprecated.
Use 'as(., "posdefMatrix")' instead.
See help("Deprecated") and help("Matrix-deprecated").

2026-08-26 18:54:48,180 - INFO - Model fitting complete.
2026-08-26 18:54:48,180 - INFO - --- Model Fit Summary (from Pymer4) ---
2026-08-26 18:54:48,184 - INFO -                    Estimate  2.5_ci  97.5_ci     SE  Z-stat  P-val  Sig
2026-08-26 18:54:48,184 - INFO - (Intercept)           3.062   2.966    3.158  0.049  62.507    0.0  ***
2026-08-26 18:54:48,184 - INFO - fieldoffense_home     0.088   0.059    0.117  0.015   5.975    0.0  ***
2026-08-26 18:54:48,184 - INFO - --- End Model Fit Summary ---
2026-08-26 18:54:48,184 - INFO - Extracting model results (Fixed and Random Effects)...
2026-08-26 18:54:48,184 - INFO - Using factor name map for random effects: {'game_id': 'game_id', 'opponent': 'defense', 'team': 'offense'}
2026-08-26 18:54:48,184 - INFO - Attempting to process model.coefs. Type: <class 'pandas.core.frame.DataFrame'>
2026-08-26 18:54:48,184 - INFO - model.coefs is a DataFrame. Extracting estimates.
2026-08-26 18:54:48,184 - INFO - Extracted 2 fixed effect(s) from model.coefs.
2026-08-26 18:54:48,184 - INFO - Attempting to process model.ranef. Type: <class 'list'>
2026-08-26 18:54:48,184 - INFO - model.ranef is a list with expected length 3. Processing elements.
2026-08-26 18:54:48,184 - INFO - Processing ranef element 0 for internal factor 'game_id'. Type: <class 'pandas.core.frame.DataFrame'>
2026-08-26 18:54:48,190 - INFO - Extracted 401 levels for random effect corresponding to 'game_id'.
2026-08-26 18:54:48,190 - INFO - Processing ranef element 1 for internal factor 'opponent'. Type: <class 'pandas.core.frame.DataFrame'>
2026-08-26 18:54:48,190 - INFO - Mapped internal factor 'opponent' to output factor 'defense'.
2026-08-26 18:54:48,190 - INFO - Extracted 17 levels for random effect corresponding to 'opponent'.
2026-08-26 18:54:48,190 - INFO - Processing ranef element 2 for internal factor 'team'. Type: <class 'pandas.core.frame.DataFrame'>
2026-08-26 18:54:48,190 - INFO - Mapped internal factor 'team' to output factor 'offense'.
2026-08-26 18:54:48,191 - INFO - Extracted 17 levels for random effect corresponding to 'team'.
2026-08-26 18:54:48,191 - INFO - Finished processing ranef list. Total random effect levels extracted: 435
2026-08-26 18:54:48,191 - INFO - Successfully extracted 437 total factor level estimates into results_list.
2026-08-26 18:54:48,191 - INFO - Preparing combined DataFrame for database export...
2026-08-26 18:54:48,191 - INFO - Combined results DataFrame shape: (437, 4)
2026-08-26 18:54:48,192 - INFO - Combined results head:
              factor    type              level  estimate
0        (Intercept)   fixed        (Intercept)  3.062023
1  fieldoffense_home   fixed  fieldoffense_home  0.088091
2            game_id  random               1592 -0.106507
3            game_id  random               1593  0.138195
4            game_id  random               1594  0.258964
2026-08-26 18:54:48,193 - INFO - Combined results tail:
      factor    type         level  estimate
432  offense  random        Sharks  0.122550
433  offense  random         Storm  0.103523
434  offense  random        Titans -0.092005
435  offense  random      Warriors  0.065463
436  offense  random  Wests Tigers -0.153032
2026-08-26 18:54:48,193 - INFO - Writing combined results to database table nrl._basic_factors...
2026-08-26 18:54:48,220 - INFO - Successfully wrote combined results.
2026-08-26 18:54:48,221 - INFO - Results extraction and writing complete.
2026-08-26 18:54:48,221 - INFO - Closing database connection if open.
2026-08-26 18:54:48,221 - INFO - Database connection closed.
2026-08-26 18:54:48,221 - INFO - --- Python Script Finished (2026-08-26 18:54:48.221366) ---
2026-08-26 18:54:48,406 - INFO - Embedded R ended.
2026-08-26 18:54:48,407 - INFO - Embedded R already ended.
